AR encoder behavioral /home/school/ise_projs/final-year-project/EncoderV2/encoder.vhd sub00/vhpl07 1426718977
PH encoder_state_pkg NULL /home/school/ise_projs/final-year-project/EncoderV2/encoder_state_pkg.vhd sub00/vhpl04 1426718964
EN list NULL /home/school/ise_projs/final-year-project/EncoderV2/list.vhd sub00/vhpl02 1426718966
AR converter behavioral /home/school/ise_projs/final-year-project/EncoderV2/converter.vhd sub00/vhpl15 1426718975
PB size_data_pkg size_data_pkg /home/school/ise_projs/final-year-project/EncoderV2/size_data_pkg.vhd sub00/vhpl01 1426718963
AR list behavioral /home/school/ise_projs/final-year-project/EncoderV2/list.vhd sub00/vhpl03 1426718967
EN address_calculator NULL /home/school/ise_projs/final-year-project/EncoderV2/address_calculator.vhd sub00/vhpl08 1426718968
EN top NULL /home/school/ise_projs/final-year-project/EncoderV2/top.vhd sub00/vhpl16 1426718978
EN encoder NULL /home/school/ise_projs/final-year-project/EncoderV2/encoder.vhd sub00/vhpl06 1426718976
EN converter NULL /home/school/ise_projs/final-year-project/EncoderV2/converter.vhd sub00/vhpl14 1426718974
AR address_calculator behavioral /home/school/ise_projs/final-year-project/EncoderV2/address_calculator.vhd sub00/vhpl09 1426718969
EN secret_ram NULL /home/school/ise_projs/final-year-project/EncoderV2/ipcore_dir/SECRET_RAM.vhd sub00/vhpl12 1426718972
AR secret_ram secret_ram_a /home/school/ise_projs/final-year-project/EncoderV2/ipcore_dir/SECRET_RAM.vhd sub00/vhpl13 1426718973
PH size_data_pkg NULL /home/school/ise_projs/final-year-project/EncoderV2/size_data_pkg.vhd sub00/vhpl00 1426718962
PB encoder_state_pkg encoder_state_pkg /home/school/ise_projs/final-year-project/EncoderV2/encoder_state_pkg.vhd sub00/vhpl05 1426718965
AR image_ram image_ram_a /home/school/ise_projs/final-year-project/EncoderV2/ipcore_dir/IMAGE_RAM.vhd sub00/vhpl11 1426718971
EN image_ram NULL /home/school/ise_projs/final-year-project/EncoderV2/ipcore_dir/IMAGE_RAM.vhd sub00/vhpl10 1426718970
AR top behavioral /home/school/ise_projs/final-year-project/EncoderV2/top.vhd sub00/vhpl17 1426718979
