AR encoder behavioral /home/school/ise_projs/final-year-project/EncoderV2/encoder.vhd sub00/vhpl07 1426704920
PH encoder_state_pkg NULL /home/school/ise_projs/final-year-project/EncoderV2/encoder_state_pkg.vhd sub00/vhpl04 1426704915
EN list NULL /home/school/ise_projs/final-year-project/EncoderV2/list.vhd sub00/vhpl02 1426704917
PB size_data_pkg size_data_pkg /home/school/ise_projs/final-year-project/EncoderV2/size_data_pkg.vhd sub00/vhpl01 1426704914
AR list behavioral /home/school/ise_projs/final-year-project/EncoderV2/list.vhd sub00/vhpl03 1426704918
EN encoder NULL /home/school/ise_projs/final-year-project/EncoderV2/encoder.vhd sub00/vhpl06 1426704919
PH size_data_pkg NULL /home/school/ise_projs/final-year-project/EncoderV2/size_data_pkg.vhd sub00/vhpl00 1426704913
PB encoder_state_pkg encoder_state_pkg /home/school/ise_projs/final-year-project/EncoderV2/encoder_state_pkg.vhd sub00/vhpl05 1426704916
