EN list NULL /home/school/ise_projs/final-year-project/EncoderV2/list.vhd sub00/vhpl02 1426606030
PB size_data_pkg size_data_pkg /home/school/ise_projs/final-year-project/EncoderV2/size_data_pkg.vhd sub00/vhpl01 1426606029
AR list behavioral /home/school/ise_projs/final-year-project/EncoderV2/list.vhd sub00/vhpl03 1426606031
PH size_data_pkg NULL /home/school/ise_projs/final-year-project/EncoderV2/size_data_pkg.vhd sub00/vhpl00 1426606028
