V3 35
FL /home/school/ise_projs/final-year-project/EncoderV2/address_calculator.vhd 2015/03/18.18:47:06 P.20131013
EN work/address_calculator 1426737397 \
      FL /home/school/ise_projs/final-year-project/EncoderV2/address_calculator.vhd \
      PB ieee/std_logic_1164 1381692176 PB ieee/NUMERIC_STD 1381692181
AR work/address_calculator/Behavioral 1426737398 \
      FL /home/school/ise_projs/final-year-project/EncoderV2/address_calculator.vhd \
      EN work/address_calculator 1426737397
FL /home/school/ise_projs/final-year-project/EncoderV2/conversions_pkg.vhd 2015/03/18.23:53:51 P.20131013
PH work/conversions_pkg 1426737393 \
      FL /home/school/ise_projs/final-year-project/EncoderV2/conversions_pkg.vhd \
      PB ieee/std_logic_1164 1381692176 PB ieee/NUMERIC_STD 1381692181
PB work/conversions_pkg 1426737394 \
      FL /home/school/ise_projs/final-year-project/EncoderV2/conversions_pkg.vhd \
      PH work/conversions_pkg 1426737393
FL /home/school/ise_projs/final-year-project/EncoderV2/converter.vhd 2015/03/18.17:58:16 P.20131013
EN work/converter 1426737403 \
      FL /home/school/ise_projs/final-year-project/EncoderV2/converter.vhd \
      PB ieee/std_logic_1164 1381692176 PB work/size_data_pkg 1426737390 \
      PB ieee/NUMERIC_STD 1381692181
AR work/converter/Behavioral 1426737404 \
      FL /home/school/ise_projs/final-year-project/EncoderV2/converter.vhd \
      EN work/converter 1426737403
FL /home/school/ise_projs/final-year-project/EncoderV2/encoder.vhd 2015/03/18.23:56:22 P.20131013
EN work/encoder 1426737405 \
      FL /home/school/ise_projs/final-year-project/EncoderV2/encoder.vhd \
      PB ieee/std_logic_1164 1381692176 PB ieee/NUMERIC_STD 1381692181 \
      PB work/size_data_pkg 1426737390 PB work/encoder_state_pkg 1426737392 \
      PB work/conversions_pkg 1426737394
AR work/encoder/Behavioral 1426737406 \
      FL /home/school/ise_projs/final-year-project/EncoderV2/encoder.vhd \
      EN work/encoder 1426737405 AR work/list/Behavioral 1426737396
FL /home/school/ise_projs/final-year-project/EncoderV2/encoder_state_pkg.vhd 2015/03/18.23:45:22 P.20131013
PH work/encoder_state_pkg 1426737391 \
      FL /home/school/ise_projs/final-year-project/EncoderV2/encoder_state_pkg.vhd \
      PB ieee/std_logic_1164 1381692176
PB work/encoder_state_pkg 1426737392 \
      FL /home/school/ise_projs/final-year-project/EncoderV2/encoder_state_pkg.vhd \
      PH work/encoder_state_pkg 1426737391
FL /home/school/ise_projs/final-year-project/EncoderV2/ipcore_dir/IMAGE_RAM.vhd 2015/03/18.13:03:41 P.20131013
EN work/IMAGE_RAM 1426737399 \
      FL /home/school/ise_projs/final-year-project/EncoderV2/ipcore_dir/IMAGE_RAM.vhd \
      PB ieee/std_logic_1164 1381692176
AR work/IMAGE_RAM/IMAGE_RAM_a 1426737400 \
      FL /home/school/ise_projs/final-year-project/EncoderV2/ipcore_dir/IMAGE_RAM.vhd \
      EN work/IMAGE_RAM 1426737399
FL /home/school/ise_projs/final-year-project/EncoderV2/ipcore_dir/SECRET_RAM.vhd 2015/03/18.13:36:54 P.20131013
EN work/SECRET_RAM 1426737401 \
      FL /home/school/ise_projs/final-year-project/EncoderV2/ipcore_dir/SECRET_RAM.vhd \
      PB ieee/std_logic_1164 1381692176
AR work/SECRET_RAM/SECRET_RAM_a 1426737402 \
      FL /home/school/ise_projs/final-year-project/EncoderV2/ipcore_dir/SECRET_RAM.vhd \
      EN work/SECRET_RAM 1426737401
FL /home/school/ise_projs/final-year-project/EncoderV2/list.vhd 2015/03/18.18:25:30 P.20131013
EN work/list 1426737395 \
      FL /home/school/ise_projs/final-year-project/EncoderV2/list.vhd \
      PB ieee/std_logic_1164 1381692176 PB work/size_data_pkg 1426737390
AR work/list/Behavioral 1426737396 \
      FL /home/school/ise_projs/final-year-project/EncoderV2/list.vhd \
      EN work/list 1426737395
FL /home/school/ise_projs/final-year-project/EncoderV2/size_data_pkg.vhd 2015/03/17.12:59:13 P.20131013
PH work/size_data_pkg 1426737389 \
      FL /home/school/ise_projs/final-year-project/EncoderV2/size_data_pkg.vhd \
      PB ieee/std_logic_1164 1381692176
PB work/size_data_pkg 1426737390 \
      FL /home/school/ise_projs/final-year-project/EncoderV2/size_data_pkg.vhd \
      PH work/size_data_pkg 1426737389
FL /home/school/ise_projs/final-year-project/EncoderV2/top.vhd 2015/03/18.18:48:48 P.20131013
EN work/top 1426737407 \
      FL /home/school/ise_projs/final-year-project/EncoderV2/top.vhd \
      PB ieee/std_logic_1164 1381692176 PB ieee/NUMERIC_STD 1381692181 \
      PB work/size_data_pkg 1426737390 PB work/encoder_state_pkg 1426737392
AR work/top/Behavioral 1426737408 \
      FL /home/school/ise_projs/final-year-project/EncoderV2/top.vhd EN work/top 1426737407 \
      CP address_calculator CP IMAGE_RAM CP SECRET_RAM CP converter CP encoder
