V3 6
FL /home/school/ise_projs/final-year-project/EncoderV2/list.vhd 2015/03/17.11:01:24 P.20131013
EN work/list 1426606030 \
      FL /home/school/ise_projs/final-year-project/EncoderV2/list.vhd \
      PB ieee/std_logic_1164 1381692176 PB work/size_data_pkg 1426606029
AR work/list/Behavioral 1426606031 \
      FL /home/school/ise_projs/final-year-project/EncoderV2/list.vhd \
      EN work/list 1426606030
FL /home/school/ise_projs/final-year-project/EncoderV2/size_data_pkg.vhd 2015/03/17.02:22:29 P.20131013
PH work/size_data_pkg 1426606028 \
      FL /home/school/ise_projs/final-year-project/EncoderV2/size_data_pkg.vhd \
      PB ieee/std_logic_1164 1381692176
PB work/size_data_pkg 1426606029 \
      FL /home/school/ise_projs/final-year-project/EncoderV2/size_data_pkg.vhd \
      PH work/size_data_pkg 1426606028
