V3 6
FL /home/school/ise_projs/final-year-project/EncoderV2/list.vhd 2015/03/17.10:52:44 P.20131013
EN work/list 1426603972 \
      FL /home/school/ise_projs/final-year-project/EncoderV2/list.vhd \
      PB ieee/std_logic_1164 1381692176 PB work/size_data_pkg 1426603971
AR work/list/Behavioral 1426603973 \
      FL /home/school/ise_projs/final-year-project/EncoderV2/list.vhd \
      EN work/list 1426603972
FL /home/school/ise_projs/final-year-project/EncoderV2/size_data_pkg.vhd 2015/03/17.02:22:29 P.20131013
PH work/size_data_pkg 1426603970 \
      FL /home/school/ise_projs/final-year-project/EncoderV2/size_data_pkg.vhd \
      PB ieee/std_logic_1164 1381692176
PB work/size_data_pkg 1426603971 \
      FL /home/school/ise_projs/final-year-project/EncoderV2/size_data_pkg.vhd \
      PH work/size_data_pkg 1426603970
