Release 14.7 - xst P.20131013 (lin64)
Copyright (c) 1995-2013 Xilinx, Inc.  All rights reserved.
--> 
Parameter TMPDIR set to xst/projnav.tmp


Total REAL time to Xst completion: 0.00 secs
Total CPU time to Xst completion: 0.07 secs
 
--> 
Parameter xsthdpdir set to xst


Total REAL time to Xst completion: 0.00 secs
Total CPU time to Xst completion: 0.07 secs
 
--> 
Reading design: top.prj

TABLE OF CONTENTS
  1) Synthesis Options Summary
  2) HDL Compilation
  3) Design Hierarchy Analysis
  4) HDL Analysis
  5) HDL Synthesis
     5.1) HDL Synthesis Report
  6) Advanced HDL Synthesis
     6.1) Advanced HDL Synthesis Report
  7) Low Level Synthesis
  8) Partition Report
  9) Final Report
	9.1) Device utilization summary
	9.2) Partition Resource Summary
	9.3) TIMING REPORT


=========================================================================
*                      Synthesis Options Summary                        *
=========================================================================
---- Source Parameters
Input File Name                    : "top.prj"
Input Format                       : mixed
Ignore Synthesis Constraint File   : NO

---- Target Parameters
Output File Name                   : "top"
Output Format                      : NGC
Target Device                      : xc3s250e-5-tq144

---- Source Options
Top Module Name                    : top
Automatic FSM Extraction           : YES
FSM Encoding Algorithm             : Auto
Safe Implementation                : No
FSM Style                          : LUT
RAM Extraction                     : Yes
RAM Style                          : Auto
ROM Extraction                     : Yes
Mux Style                          : Auto
Decoder Extraction                 : YES
Priority Encoder Extraction        : Yes
Shift Register Extraction          : YES
Logical Shifter Extraction         : YES
XOR Collapsing                     : YES
ROM Style                          : Auto
Mux Extraction                     : Yes
Resource Sharing                   : YES
Asynchronous To Synchronous        : NO
Multiplier Style                   : Auto
Automatic Register Balancing       : No

---- Target Options
Add IO Buffers                     : YES
Global Maximum Fanout              : 100000
Add Generic Clock Buffer(BUFG)     : 24
Register Duplication               : YES
Slice Packing                      : YES
Optimize Instantiated Primitives   : NO
Use Clock Enable                   : Yes
Use Synchronous Set                : Yes
Use Synchronous Reset              : Yes
Pack IO Registers into IOBs        : Auto
Equivalent register Removal        : YES

---- General Options
Optimization Goal                  : Speed
Optimization Effort                : 1
Keep Hierarchy                     : No
Netlist Hierarchy                  : As_Optimized
RTL Output                         : Yes
Global Optimization                : AllClockNets
Read Cores                         : YES
Write Timing Constraints           : NO
Cross Clock Analysis               : NO
Hierarchy Separator                : /
Bus Delimiter                      : <>
Case Specifier                     : Maintain
Slice Utilization Ratio            : 100
BRAM Utilization Ratio             : 100
Verilog 2001                       : YES
Auto BRAM Packing                  : NO
Slice Utilization Ratio Delta      : 5

---- Other Options
Cores Search Directories           : {"ipcore_dir"  }

=========================================================================


=========================================================================
*                          HDL Compilation                              *
=========================================================================
Compiling vhdl file "/home/school/ise_projs/final-year-project/EncoderV2/size_data_pkg.vhd" in Library work.
Architecture size_data_pkg of Entity size_data_pkg is up to date.
Compiling vhdl file "/home/school/ise_projs/final-year-project/EncoderV2/encoder_state_pkg.vhd" in Library work.
Architecture encoder_state_pkg of Entity encoder_state_pkg is up to date.
Compiling vhdl file "/home/school/ise_projs/final-year-project/EncoderV2/conversions_pkg.vhd" in Library work.
Architecture conversions_pkg of Entity conversions_pkg is up to date.
Compiling vhdl file "/home/school/ise_projs/final-year-project/EncoderV2/list.vhd" in Library work.
Architecture behavioral of Entity list is up to date.
Compiling vhdl file "/home/school/ise_projs/final-year-project/EncoderV2/list_index_size_calc.vhd" in Library work.
Entity <list_index_size_calc> compiled.
Entity <list_index_size_calc> (Architecture <behavioral>) compiled.
Compiling vhdl file "/home/school/ise_projs/final-year-project/EncoderV2/address_calculator.vhd" in Library work.
Architecture behavioral of Entity address_calculator is up to date.
Compiling vhdl file "/home/school/ise_projs/final-year-project/EncoderV2/ipcore_dir/IMAGE_RAM.vhd" in Library work.
Architecture image_ram_a of Entity image_ram is up to date.
Compiling vhdl file "/home/school/ise_projs/final-year-project/EncoderV2/ipcore_dir/SECRET_RAM.vhd" in Library work.
Architecture secret_ram_a of Entity secret_ram is up to date.
Compiling vhdl file "/home/school/ise_projs/final-year-project/EncoderV2/converter.vhd" in Library work.
Architecture behavioral of Entity converter is up to date.
Compiling vhdl file "/home/school/ise_projs/final-year-project/EncoderV2/encoder.vhd" in Library work.
Entity <encoder> compiled.
Entity <encoder> (Architecture <behavioral>) compiled.
Compiling vhdl file "/home/school/ise_projs/final-year-project/EncoderV2/top.vhd" in Library work.
Architecture behavioral of Entity top is up to date.

=========================================================================
*                     Design Hierarchy Analysis                         *
=========================================================================
Analyzing hierarchy for entity <top> in library <work> (architecture <behavioral>).

Analyzing hierarchy for entity <address_calculator> in library <work> (architecture <behavioral>).

Analyzing hierarchy for entity <converter> in library <work> (architecture <behavioral>).

Analyzing hierarchy for entity <encoder> in library <work> (architecture <behavioral>).

Analyzing hierarchy for entity <list> in library <work> (architecture <Behavioral>).

Analyzing hierarchy for entity <list_index_size_calc> in library <work> (architecture <Behavioral>).


=========================================================================
*                            HDL Analysis                               *
=========================================================================
Analyzing Entity <top> in library <work> (Architecture <behavioral>).
WARNING:Xst:2211 - "/home/school/ise_projs/final-year-project/EncoderV2/top.vhd" line 127: Instantiating black box module <IMAGE_RAM>.
WARNING:Xst:2211 - "/home/school/ise_projs/final-year-project/EncoderV2/top.vhd" line 137: Instantiating black box module <SECRET_RAM>.
INFO:Xst:2679 - Register <enable_list> in unit <top> has a constant value of 0 during circuit operation. The register is replaced by logic.
Entity <top> analyzed. Unit <top> generated.

Analyzing Entity <address_calculator> in library <work> (Architecture <behavioral>).
Entity <address_calculator> analyzed. Unit <address_calculator> generated.

Analyzing Entity <converter> in library <work> (Architecture <behavioral>).
Entity <converter> analyzed. Unit <converter> generated.

Analyzing Entity <encoder> in library <work> (Architecture <behavioral>).
Entity <encoder> analyzed. Unit <encoder> generated.

Analyzing Entity <list> in library <work> (Architecture <Behavioral>).
Entity <list> analyzed. Unit <list> generated.

Analyzing Entity <list_index_size_calc> in library <work> (Architecture <Behavioral>).
Entity <list_index_size_calc> analyzed. Unit <list_index_size_calc> generated.


=========================================================================
*                           HDL Synthesis                               *
=========================================================================

Performing bidirectional port resolution...

Synthesizing Unit <address_calculator>.
    Related source file is "/home/school/ise_projs/final-year-project/EncoderV2/address_calculator.vhd".
    Found 15-bit up counter for signal <image_address>.
    Found 17-bit up counter for signal <secret_address>.
    Summary:
	inferred   2 Counter(s).
Unit <address_calculator> synthesized.


Synthesizing Unit <converter>.
    Related source file is "/home/school/ise_projs/final-year-project/EncoderV2/converter.vhd".
Unit <converter> synthesized.


Synthesizing Unit <list>.
    Related source file is "/home/school/ise_projs/final-year-project/EncoderV2/list.vhd".
    Found 3-bit register for signal <index>.
    Found 32-bit register for signal <elements>.
    Found 3-bit comparator greater for signal <elements_2$cmp_gt0000> created at line 77.
    Found 8-bit comparator equal for signal <response$cmp_eq0000> created at line 56.
    Found 8-bit comparator equal for signal <response$cmp_eq0001> created at line 56.
    Found 8-bit comparator equal for signal <response$cmp_eq0002> created at line 56.
    Found 8-bit comparator equal for signal <response$cmp_eq0003> created at line 56.
    Summary:
	inferred  35 D-type flip-flop(s).
	inferred   5 Comparator(s).
Unit <list> synthesized.


Synthesizing Unit <list_index_size_calc>.
    Related source file is "/home/school/ise_projs/final-year-project/EncoderV2/list_index_size_calc.vhd".
    Found 3-bit comparator less for signal <num_bits$cmp_lt0000> created at line 44.
    Found 3-bit comparator less for signal <num_bits$cmp_lt0001> created at line 45.
    Summary:
	inferred   2 Comparator(s).
Unit <list_index_size_calc> synthesized.


Synthesizing Unit <encoder>.
    Related source file is "/home/school/ise_projs/final-year-project/EncoderV2/encoder.vhd".
    Found finite state machine <FSM_0> for signal <current_state>.
    -----------------------------------------------------------------------
    | States             | 11                                             |
    | Transitions        | 16                                             |
    | Inputs             | 4                                              |
    | Outputs            | 11                                             |
    | Clock              | clk                       (rising_edge)        |
    | Reset              | rst                       (positive)           |
    | Reset type         | asynchronous                                   |
    | Reset State        | reading_data                                   |
    | Power Up State     | reading_data                                   |
    | Encoding           | automatic                                      |
    | Implementation     | LUT                                            |
    -----------------------------------------------------------------------
    Found 1-bit register for signal <finished>.
    Found 4-bit register for signal <entry_len>.
    Found 10-bit register for signal <entry>.
    Found 1-bit register for signal <send_more>.
    Summary:
	inferred   1 Finite State Machine(s).
	inferred  16 D-type flip-flop(s).
Unit <encoder> synthesized.


Synthesizing Unit <top>.
    Related source file is "/home/school/ise_projs/final-year-project/EncoderV2/top.vhd".
WARNING:Xst:646 - Signal <enable_list> is assigned but never used. This unconnected signal will be trimmed during the optimization process.
Unit <top> synthesized.


=========================================================================
HDL Synthesis Report

Macro Statistics
# Counters                                             : 2
 15-bit up counter                                     : 1
 17-bit up counter                                     : 1
# Registers                                            : 18
 1-bit register                                        : 12
 3-bit register                                        : 1
 4-bit register                                        : 1
 8-bit register                                        : 4
# Comparators                                          : 7
 3-bit comparator greater                              : 1
 3-bit comparator less                                 : 2
 8-bit comparator equal                                : 4

=========================================================================

=========================================================================
*                       Advanced HDL Synthesis                          *
=========================================================================

Analyzing FSM <FSM_0> for best encoding.
Optimizing FSM <encoder_unit/current_state/FSM> on signal <current_state[1:11]> with one-hot encoding.
--------------------------------------
 State                 | Encoding
--------------------------------------
 reading_data          | 00000000001
 inform_user           | 00000000010
 done                  | 00000000100
 index_contained_false | 00000001000
 index_contained_true  | 00000010000
 all_secret_zero_true  | 00000100000
 all_secret_zero_false | 00001000000
 case_2                | 00010000000
 case_3                | 00100000000
 case_4                | 01000000000
 case_5                | 10000000000
--------------------------------------
Reading core <ipcore_dir/IMAGE_RAM.ngc>.
Reading core <ipcore_dir/SECRET_RAM.ngc>.
Loading core <IMAGE_RAM> for timing and area information for instance <image_unit>.
Loading core <SECRET_RAM> for timing and area information for instance <secret_unit>.

=========================================================================
Advanced HDL Synthesis Report

Macro Statistics
# FSMs                                                 : 1
# Counters                                             : 2
 15-bit up counter                                     : 1
 17-bit up counter                                     : 1
# Registers                                            : 51
 Flip-Flops                                            : 51
# Comparators                                          : 7
 3-bit comparator greater                              : 1
 3-bit comparator less                                 : 2
 8-bit comparator equal                                : 4

=========================================================================

=========================================================================
*                         Low Level Synthesis                           *
=========================================================================
INFO:Xst:2146 - In block <top>, Counter <address_calculator_unit/secret_address> <address_calculator_unit/image_address> are equivalent, XST will keep only <address_calculator_unit/secret_address>.

Optimizing unit <top> ...

Optimizing unit <list> ...

Optimizing unit <encoder> ...

Mapping all equations...
Building and optimizing final netlist ...
Found area constraint ratio of 100 (+ 5) on block top, actual ratio is 2.

Final Macro Processing ...

=========================================================================
Final Register Report

Macro Statistics
# Registers                                            : 79
 Flip-Flops                                            : 79

=========================================================================

=========================================================================
*                           Partition Report                            *
=========================================================================

Partition Implementation Status
-------------------------------

  No Partitions were found in this design.

-------------------------------

=========================================================================
*                            Final Report                               *
=========================================================================
Final Results
RTL Top Level Output File Name     : top.ngr
Top Level Output File Name         : top
Output Format                      : NGC
Optimization Goal                  : Speed
Keep Hierarchy                     : No

Design Statistics
# IOs                              : 17

Cell Usage :
# BELS                             : 168
#      GND                         : 3
#      INV                         : 6
#      LUT1                        : 15
#      LUT2                        : 6
#      LUT2_L                      : 1
#      LUT3                        : 26
#      LUT3_L                      : 2
#      LUT4                        : 59
#      LUT4_D                      : 4
#      LUT4_L                      : 7
#      MUXCY                       : 16
#      MUXF5                       : 5
#      VCC                         : 1
#      XORCY                       : 17
# FlipFlops/Latches                : 86
#      FDC                         : 31
#      FDCE                        : 27
#      FDE                         : 27
#      FDP                         : 1
# RAMS                             : 15
#      RAMB16_S1_S1                : 14
#      RAMB16_S9_S9                : 1
# Clock Buffers                    : 1
#      BUFGP                       : 1
# IO Buffers                       : 16
#      IBUF                        : 1
#      OBUF                        : 15
=========================================================================

Device utilization summary:
---------------------------

Selected Device : 3s250etq144-5 

 Number of Slices:                       73  out of   2448     2%  
 Number of Slice Flip Flops:             86  out of   4896     1%  
 Number of 4 input LUTs:                126  out of   4896     2%  
 Number of IOs:                          17
 Number of bonded IOBs:                  17  out of    108    15%  
 Number of BRAMs:                        15  out of     12   125% (*) 
 Number of GCLKs:                         1  out of     24     4%  

WARNING:Xst:1336 -  (*) More than 100% of Device resources are used

---------------------------
Partition Resource Summary:
---------------------------

  No Partitions were found in this design.

---------------------------


=========================================================================
TIMING REPORT

NOTE: THESE TIMING NUMBERS ARE ONLY A SYNTHESIS ESTIMATE.
      FOR ACCURATE TIMING INFORMATION PLEASE REFER TO THE TRACE REPORT
      GENERATED AFTER PLACE-and-ROUTE.

Clock Information:
------------------
-----------------------------------+---------------------------------------------------------------------------------------------------------------------------------+-------+
Clock Signal                       | Clock buffer(FF name)                                                                                                           | Load  |
-----------------------------------+---------------------------------------------------------------------------------------------------------------------------------+-------+
clk                                | BUFGP                                                                                                                           | 101   |
image_unit/N1                      | NONE(image_unit/U0/xst_blk_mem_generator/gnativebmg.native_blk_mem_gen/valid.cstr/ramloop[0].ram.r/s3_init.ram/dpram.dp1x1.ram) | 9     |
secret_unit/N1                     | NONE(secret_unit/U0/xst_blk_mem_generator/gnativebmg.native_blk_mem_gen/valid.cstr/ramloop[5].ram.r/s3_init.ram/dpram.dp1x1.ram)| 6     |
-----------------------------------+---------------------------------------------------------------------------------------------------------------------------------+-------+
INFO:Xst:2169 - HDL ADVISOR - Some clock signals were not automatically buffered by XST with BUFG/BUFR resources. Please use the buffer_type constraint in order to insert these buffers to the clock signals to help prevent skew problems.

Asynchronous Control Signals Information:
----------------------------------------
-----------------------------------+------------------------+-------+
Control Signal                     | Buffer(FF name)        | Load  |
-----------------------------------+------------------------+-------+
rst                                | IBUF                   | 59    |
-----------------------------------+------------------------+-------+

Timing Summary:
---------------
Speed Grade: -5

   Minimum period: 8.184ns (Maximum Frequency: 122.185MHz)
   Minimum input arrival time before clock: 3.733ns
   Maximum output required time after clock: 4.134ns
   Maximum combinational path delay: No path found

Timing Detail:
--------------
All values displayed in nanoseconds (ns)

=========================================================================
Timing constraint: Default period analysis for Clock 'clk'
  Clock period: 8.184ns (frequency: 122.185MHz)
  Total number of paths / destination ports: 7188 / 351
-------------------------------------------------------------------------
Delay:               8.184ns (Levels of Logic = 5)
  Source:            image_unit/U0/xst_blk_mem_generator/gnativebmg.native_blk_mem_gen/valid.cstr/ramloop[1].ram.r/s3_init.ram/dpram.dp9x9.ram (RAM)
  Destination:       encoder_unit/list_unit/elements_2_0 (FF)
  Source Clock:      clk rising
  Destination Clock: clk rising

  Data Path: image_unit/U0/xst_blk_mem_generator/gnativebmg.native_blk_mem_gen/valid.cstr/ramloop[1].ram.r/s3_init.ram/dpram.dp9x9.ram to encoder_unit/list_unit/elements_2_0
                                Gate     Net
    Cell:in->out      fanout   Delay   Delay  Logical Name (Net Name)
    ----------------------------------------  ------------
     RAMB16_S9_S9:CLKA->DOA6    1   2.436   0.426  U0/xst_blk_mem_generator/gnativebmg.native_blk_mem_gen/valid.cstr/ramloop[1].ram.r/s3_init.ram/dpram.dp9x9.ram (U0/xst_blk_mem_generator/gnativebmg.native_blk_mem_gen/valid.cstr/ramloop[1].ram.ram_douta<6>)
     LUT4:I1->O            7   0.612   0.632  U0/xst_blk_mem_generator/gnativebmg.native_blk_mem_gen/valid.cstr/has_mux_a.A/Mmux_dout_mux71 (douta<6>)
     end scope: 'image_unit'
     LUT4:I2->O            1   0.612   0.426  encoder_unit/list_unit/response_cmp_eq0002853 (encoder_unit/list_unit/response_cmp_eq0002853)
     LUT4:I1->O            5   0.612   0.690  encoder_unit/list_unit/response_cmp_eq00028136 (encoder_unit/list_unit/response_cmp_eq0002)
     LUT3:I0->O            8   0.612   0.643  encoder_unit/list_unit/elements_2_not00011 (encoder_unit/list_unit/elements_2_not0001)
     FDCE:CE                   0.483          encoder_unit/list_unit/elements_2_0
    ----------------------------------------
    Total                      8.184ns (5.367ns logic, 2.817ns route)
                                       (65.6% logic, 34.4% route)

=========================================================================
Timing constraint: Default OFFSET IN BEFORE for Clock 'clk'
  Total number of paths / destination ports: 3 / 3
-------------------------------------------------------------------------
Offset:              3.733ns (Levels of Logic = 2)
  Source:            rst (PAD)
  Destination:       encoder_unit/list_unit/index_0 (FF)
  Destination Clock: clk rising

  Data Path: rst to encoder_unit/list_unit/index_0
                                Gate     Net
    Cell:in->out      fanout   Delay   Delay  Logical Name (Net Name)
    ----------------------------------------  ------------
     IBUF:I->O            60   1.106   1.080  rst_IBUF (rst_IBUF)
     INV:I->O              3   0.612   0.451  encoder_unit/list_unit/rst_inv1_INV_0 (encoder_unit/list_unit/rst_inv)
     FDE:CE                    0.483          encoder_unit/list_unit/index_0
    ----------------------------------------
    Total                      3.733ns (2.201ns logic, 1.532ns route)
                                       (59.0% logic, 41.0% route)

=========================================================================
Timing constraint: Default OFFSET OUT AFTER for Clock 'clk'
  Total number of paths / destination ports: 15 / 15
-------------------------------------------------------------------------
Offset:              4.134ns (Levels of Logic = 1)
  Source:            encoder_unit/entry_6 (FF)
  Destination:       stream_segment<6> (PAD)
  Source Clock:      clk rising

  Data Path: encoder_unit/entry_6 to stream_segment<6>
                                Gate     Net
    Cell:in->out      fanout   Delay   Delay  Logical Name (Net Name)
    ----------------------------------------  ------------
     FDC:C->Q              3   0.514   0.451  encoder_unit/entry_6 (encoder_unit/entry_6)
     OBUF:I->O                 3.169          stream_segment_6_OBUF (stream_segment<6>)
    ----------------------------------------
    Total                      4.134ns (3.683ns logic, 0.451ns route)
                                       (89.1% logic, 10.9% route)

=========================================================================


Total REAL time to Xst completion: 10.00 secs
Total CPU time to Xst completion: 9.06 secs
 
--> 


Total memory usage is 527660 kilobytes

Number of errors   :    0 (   0 filtered)
Number of warnings :    4 (   0 filtered)
Number of infos    :    3 (   0 filtered)

