V3 29
FL /home/school/ise_projs/final-year-project/Decoder/data_controller.vhd 2015/04/02.10:22:40 P.20131013
EN work/data_controller 1427985400 \
      FL /home/school/ise_projs/final-year-project/Decoder/data_controller.vhd \
      PB ieee/std_logic_1164 1381692176 PB ieee/NUMERIC_STD 1381692181 \
      PB work/size_constraints_pkg 1427985391
AR work/data_controller/data_controller_arch 1427985401 \
      FL /home/school/ise_projs/final-year-project/Decoder/data_controller.vhd \
      EN work/data_controller 1427985400 CP data_converter CP data_ram
FL /home/school/ise_projs/final-year-project/Decoder/data_converter.vhd 2015/04/01.01:15:12 P.20131013
EN work/data_converter 1427985396 \
      FL /home/school/ise_projs/final-year-project/Decoder/data_converter.vhd \
      PB ieee/std_logic_1164 1381692176
AR work/data_converter/data_converter_arch 1427985397 \
      FL /home/school/ise_projs/final-year-project/Decoder/data_converter.vhd \
      EN work/data_converter 1427985396
FL /home/school/ise_projs/final-year-project/Decoder/decoder.vhd 2015/04/02.10:36:23 P.20131013
EN work/decoder 1427985402 \
      FL /home/school/ise_projs/final-year-project/Decoder/decoder.vhd \
      PB ieee/std_logic_1164 1381692176 PB ieee/NUMERIC_STD 1381692181 \
      PB work/size_constraints_pkg 1427985391 PB work/decoder_state_pkg 1427985393
AR work/decoder/decoder_arch 1427985403 \
      FL /home/school/ise_projs/final-year-project/Decoder/decoder.vhd \
      EN work/decoder 1427985402 CP list
FL /home/school/ise_projs/final-year-project/Decoder/decoder_state_pkg.vhd 2015/04/02.10:30:55 P.20131013
PH work/decoder_state_pkg 1427985392 \
      FL /home/school/ise_projs/final-year-project/Decoder/decoder_state_pkg.vhd \
      PB ieee/std_logic_1164 1381692176
PB work/decoder_state_pkg 1427985393 \
      FL /home/school/ise_projs/final-year-project/Decoder/decoder_state_pkg.vhd \
      PH work/decoder_state_pkg 1427985392
FL /home/school/ise_projs/final-year-project/Decoder/ipcore_dir/data_ram.vhd 2015/04/01.01:32:12 P.20131013
EN work/data_ram 1427985398 \
      FL /home/school/ise_projs/final-year-project/Decoder/ipcore_dir/data_ram.vhd \
      PB ieee/std_logic_1164 1381692176
AR work/data_ram/data_ram_a 1427985399 \
      FL /home/school/ise_projs/final-year-project/Decoder/ipcore_dir/data_ram.vhd \
      EN work/data_ram 1427985398
FL /home/school/ise_projs/final-year-project/Decoder/list.vhd 2015/04/02.10:27:45 P.20131013
EN work/list 1427985394 \
      FL /home/school/ise_projs/final-year-project/Decoder/list.vhd \
      PB ieee/std_logic_1164 1381692176 PB work/size_constraints_pkg 1427985391
AR work/list/list_arch 1427985395 \
      FL /home/school/ise_projs/final-year-project/Decoder/list.vhd EN work/list 1427985394
FL /home/school/ise_projs/final-year-project/Decoder/size_constraints_pkg.vhd 2015/04/02.10:29:44 P.20131013
PH work/size_constraints_pkg 1427985390 \
      FL /home/school/ise_projs/final-year-project/Decoder/size_constraints_pkg.vhd \
      PB ieee/std_logic_1164 1381692176
PB work/size_constraints_pkg 1427985391 \
      FL /home/school/ise_projs/final-year-project/Decoder/size_constraints_pkg.vhd \
      PH work/size_constraints_pkg 1427985390
FL /home/school/ise_projs/final-year-project/Decoder/top.vhd 2015/04/02.10:35:50 P.20131013
EN work/top 1427985404 \
      FL /home/school/ise_projs/final-year-project/Decoder/top.vhd \
      PB ieee/std_logic_1164 1381692176 PB work/size_constraints_pkg 1427985391
AR work/top/Behavioral 1427985405 \
      FL /home/school/ise_projs/final-year-project/Decoder/top.vhd EN work/top 1427985404 \
      CP data_controller CP decoder
