EN list NULL /home/school/ise_projs/final-year-project/Encoder/list.vhd sub00/vhpl03 1426543212
AR list behavioral /home/school/ise_projs/final-year-project/Encoder/list.vhd sub00/vhpl04 1426543213
PH globals NULL /home/school/ise_projs/final-year-project/Encoder/globals.vhd sub00/vhpl00 1426543210
AR main my_main /home/school/ise_projs/final-year-project/Encoder/main.vhd sub00/vhpl05 1426543215
EN main NULL /home/school/ise_projs/final-year-project/Encoder/main.vhd sub00/vhpl02 1426543214
PB globals globals /home/school/ise_projs/final-year-project/Encoder/globals.vhd sub00/vhpl01 1426543211
