PH globals NULL /home/school/ise_projs/final-year-project/Encoder/globals.vhd sub00/vhpl00 1426455755
EN main NULL /home/school/ise_projs/final-year-project/Encoder/main.vhd sub00/vhpl02 1426455757
PB globals globals /home/school/ise_projs/final-year-project/Encoder/globals.vhd sub00/vhpl01 1426455756
