V3 7
FL /home/school/ise_projs/final-year-project/Encoder/globals.vhd 2015/03/15.17:42:28 P.20131013
PH work/globals 1426455755 \
      FL /home/school/ise_projs/final-year-project/Encoder/globals.vhd \
      PB ieee/std_logic_1164 1381692176 PB ieee/NUMERIC_STD 1381692181
PB work/globals 1426455756 \
      FL /home/school/ise_projs/final-year-project/Encoder/globals.vhd \
      PH work/globals 1426455755
FL /home/school/ise_projs/final-year-project/Encoder/main.vhd 2015/03/15.16:33:00 P.20131013
EN work/main 0 FL /home/school/ise_projs/final-year-project/Encoder/main.vhd \
      PB ieee/std_logic_1164 1381692176 PB ieee/NUMERIC_STD 1381692181 \
      PB work/globals 1426455756 PB ieee/MATH_REAL 1381692182 PB std/TEXTIO 1381692176
AR work/main/My_Main 0 \
      FL /home/school/ise_projs/final-year-project/Encoder/main.vhd EN work/main 0 \
      AR work/list/SELF_ORGANIZING_LIST 0
